
> networthapp@0.1.0 build
> next build

   ▲ Next.js 15.3.3
   - Environments: .env

   Creating an optimized production build ...
> [PWA] Compile server
> [PWA] Compile server
> [PWA] Compile client (static)
> [PWA] Auto register service worker with: /app/node_modules/next-pwa/register.js
> [PWA] Service worker: /app/public/sw.js
> [PWA]   url: /sw.js
> [PWA]   scope: /
 ✓ Compiled successfully in 23.0s
   Linting and checking validity of types ...

Failed to compile.

./src/app/api/accounts/route.ts
86:27  Error: '_request' is defined but never used.  @typescript-eslint/no-unused-vars

./src/app/api/addresses/route.ts
81:27  Error: '_request' is defined but never used.  @typescript-eslint/no-unused-vars

./src/app/api/asset-categories/route.ts
61:27  Error: '_request' is defined but never used.  @typescript-eslint/no-unused-vars

./src/app/api/balance-entries/route.ts
117:22  Error: Unexpected any. Specify a different type.  @typescript-eslint/no-explicit-any
140:14  Error: '_e' is defined but never used.  @typescript-eslint/no-unused-vars
151:14  Error: '_e' is defined but never used.  @typescript-eslint/no-unused-vars

./src/app/api/credit-cards/route.ts
78:27  Error: '_request' is defined but never used.  @typescript-eslint/no-unused-vars

./src/app/api/dashboard/category-breakdown-trend/route.ts
4:24  Error: 'AssetType' is defined but never used.  @typescript-eslint/no-unused-vars
9:27  Error: '_request' is defined but never used.  @typescript-eslint/no-unused-vars

./src/app/api/dashboard/net-worth-summary/route.ts
9:27  Error: '_request' is defined but never used.  @typescript-eslint/no-unused-vars

./src/app/api/dashboard/net-worth-trend/route.ts
12:27  Error: '_request' is defined but never used.  @typescript-eslint/no-unused-vars

./src/app/api/fixed-deposits/route.ts
92:27  Error: '_request' is defined but never used.  @typescript-eslint/no-unused-vars

./src/app/api/identity-documents/route.ts
59:27  Error: '_request' is defined but never used.  @typescript-eslint/no-unused-vars

./src/app/api/mutual-funds/route.ts
84:27  Error: '_request' is defined but never used.  @typescript-eslint/no-unused-vars

./src/app/api/pension-profiles/route.ts
77:27  Error: '_request' is defined but never used.  @typescript-eslint/no-unused-vars

./src/components/accounts/AccountForm.tsx
117:40  Error: Unexpected any. Specify a different type.  @typescript-eslint/no-explicit-any

./src/components/accounts/AccountManager.tsx
57:19  Error: Unexpected any. Specify a different type.  @typescript-eslint/no-explicit-any
77:19  Error: Unexpected any. Specify a different type.  @typescript-eslint/no-explicit-any
118:19  Error: Unexpected any. Specify a different type.  @typescript-eslint/no-explicit-any
154:107  Error: `"` can be escaped with `&quot;`, `&ldquo;`, `&#34;`, `&rdquo;`.  react/no-unescaped-entities
154:123  Error: `"` can be escaped with `&quot;`, `&ldquo;`, `&#34;`, `&rdquo;`.  react/no-unescaped-entities

./src/components/addresses/AddressManager.tsx
14:11  Error: An interface declaring no members is equivalent to its supertype.  @typescript-eslint/no-empty-object-type
36:19  Error: Unexpected any. Specify a different type.  @typescript-eslint/no-explicit-any
80:19  Error: Unexpected any. Specify a different type.  @typescript-eslint/no-explicit-any
100:83  Error: `'` can be escaped with `&apos;`, `&lsquo;`, `&#39;`, `&rsquo;`.  react/no-unescaped-entities
100:117  Error: `"` can be escaped with `&quot;`, `&ldquo;`, `&#34;`, `&rdquo;`.  react/no-unescaped-entities
100:133  Error: `"` can be escaped with `&quot;`, `&ldquo;`, `&#34;`, `&rdquo;`.  react/no-unescaped-entities

./src/components/balances/BalanceEntryForm.tsx
147:29  Error: Unexpected any. Specify a different type.  @typescript-eslint/no-explicit-any
148:29  Error: Unexpected any. Specify a different type.  @typescript-eslint/no-explicit-any
148:59  Error: Unexpected any. Specify a different type.  @typescript-eslint/no-explicit-any

./src/components/balances/BalanceManager.tsx
6:36  Error: 'CalendarIcon' is defined but never used.  @typescript-eslint/no-unused-vars
6:63  Error: 'ChevronDown' is defined but never used.  @typescript-eslint/no-unused-vars
65:21  Error: Unexpected any. Specify a different type.  @typescript-eslint/no-explicit-any
73:6  Warning: React Hook useEffect has a missing dependency: 'selectedAccountId'. Either include it or remove the dependency array.  react-hooks/exhaustive-deps
91:18  Error: Unexpected any. Specify a different type.  @typescript-eslint/no-explicit-any
129:19  Error: Unexpected any. Specify a different type.  @typescript-eslint/no-explicit-any

./src/components/categories/CategoryForm.tsx
82:59  Error: Unexpected any. Specify a different type.  @typescript-eslint/no-explicit-any

./src/components/categories/CategoryManager.tsx
39:19  Error: Unexpected any. Specify a different type.  @typescript-eslint/no-explicit-any
84:19  Error: Unexpected any. Specify a different type.  @typescript-eslint/no-explicit-any
112:109  Error: `"` can be escaped with `&quot;`, `&ldquo;`, `&#34;`, `&rdquo;`.  react/no-unescaped-entities
112:126  Error: `"` can be escaped with `&quot;`, `&ldquo;`, `&#34;`, `&rdquo;`.  react/no-unescaped-entities

./src/components/credit-cards/CreditCardForm.tsx
119:59  Error: Unexpected any. Specify a different type.  @typescript-eslint/no-explicit-any

./src/components/credit-cards/CreditCardManager.tsx
10:10  Error: 'Badge' is defined but never used.  @typescript-eslint/no-unused-vars
11:53  Error: 'CreditCardType' is defined but never used.  @typescript-eslint/no-unused-vars
11:69  Error: 'AssetType' is defined but never used.  @typescript-eslint/no-unused-vars
68:19  Error: Unexpected any. Specify a different type.  @typescript-eslint/no-explicit-any
88:19  Error: Unexpected any. Specify a different type.  @typescript-eslint/no-explicit-any
116:19  Error: Unexpected any. Specify a different type.  @typescript-eslint/no-explicit-any
146:107  Error: `"` can be escaped with `&quot;`, `&ldquo;`, `&#34;`, `&rdquo;`.  react/no-unescaped-entities
146:127  Error: `"` can be escaped with `&quot;`, `&ldquo;`, `&#34;`, `&rdquo;`.  react/no-unescaped-entities

./src/components/dashboard/widgets/NetWorthSummaryWidget.tsx
44:19  Error: Unexpected any. Specify a different type.  @typescript-eslint/no-explicit-any

./src/components/fixed-deposits/FixedDepositForm.tsx
123:59  Error: Unexpected any. Specify a different type.  @typescript-eslint/no-explicit-any

./src/components/fixed-deposits/FixedDepositManager.tsx
8:10  Error: 'Badge' is defined but never used.  @typescript-eslint/no-unused-vars
9:68  Error: 'PayoutFrequency' is defined but never used.  @typescript-eslint/no-unused-vars
9:85  Error: 'AccountType' is defined but never used.  @typescript-eslint/no-unused-vars
9:98  Error: 'AssetType' is defined but never used.  @typescript-eslint/no-unused-vars
78:19  Error: Unexpected any. Specify a different type.  @typescript-eslint/no-explicit-any
99:19  Error: Unexpected any. Specify a different type.  @typescript-eslint/no-explicit-any
126:19  Error: Unexpected any. Specify a different type.  @typescript-eslint/no-explicit-any
162:109  Error: `"` can be escaped with `&quot;`, `&ldquo;`, `&#34;`, `&rdquo;`.  react/no-unescaped-entities
162:127  Error: `"` can be escaped with `&quot;`, `&ldquo;`, `&#34;`, `&rdquo;`.  react/no-unescaped-entities

./src/components/identity/IdentityManager.tsx
11:28  Error: 'IdentityDocumentType' is defined but never used.  @typescript-eslint/no-unused-vars
14:11  Error: An interface declaring no members is equivalent to its supertype.  @typescript-eslint/no-empty-object-type
37:19  Error: Unexpected any. Specify a different type.  @typescript-eslint/no-explicit-any
84:19  Error: Unexpected any. Specify a different type.  @typescript-eslint/no-explicit-any
108:83  Error: `'` can be escaped with `&apos;`, `&lsquo;`, `&#39;`, `&rsquo;`.  react/no-unescaped-entities
108:126  Error: `"` can be escaped with `&quot;`, `&ldquo;`, `&#34;`, `&rdquo;`.  react/no-unescaped-entities
108:143  Error: `"` can be escaped with `&quot;`, `&ldquo;`, `&#34;`, `&rdquo;`.  react/no-unescaped-entities

./src/components/mutual-funds/MutualFundForm.tsx
114:59  Error: Unexpected any. Specify a different type.  @typescript-eslint/no-explicit-any

./src/components/mutual-funds/MutualFundManager.tsx
6:36  Error: 'TrendingUp' is defined but never used.  @typescript-eslint/no-unused-vars
6:48  Error: 'Briefcase' is defined but never used.  @typescript-eslint/no-unused-vars
10:10  Error: 'Badge' is defined but never used.  @typescript-eslint/no-unused-vars
11:66  Error: 'AccountType' is defined but never used.  @typescript-eslint/no-unused-vars
11:79  Error: 'AssetType' is defined but never used.  @typescript-eslint/no-unused-vars
68:19  Error: Unexpected any. Specify a different type.  @typescript-eslint/no-explicit-any
88:19  Error: Unexpected any. Specify a different type.  @typescript-eslint/no-explicit-any
116:19  Error: Unexpected any. Specify a different type.  @typescript-eslint/no-explicit-any
155:107  Error: `"` can be escaped with `&quot;`, `&ldquo;`, `&#34;`, `&rdquo;`.  react/no-unescaped-entities
155:123  Error: `"` can be escaped with `&quot;`, `&ldquo;`, `&#34;`, `&rdquo;`.  react/no-unescaped-entities

./src/components/pension-funds/PensionForm.tsx
108:59  Error: Unexpected any. Specify a different type.  @typescript-eslint/no-explicit-any

./src/components/pension-funds/PensionManager.tsx
6:36  Error: 'Building' is defined but never used.  @typescript-eslint/no-unused-vars
8:10  Error: 'Badge' is defined but never used.  @typescript-eslint/no-unused-vars
9:57  Error: 'AssetType' is defined but never used.  @typescript-eslint/no-unused-vars
59:19  Error: Unexpected any. Specify a different type.  @typescript-eslint/no-explicit-any
80:19  Error: Unexpected any. Specify a different type.  @typescript-eslint/no-explicit-any
107:19  Error: Unexpected any. Specify a different type.  @typescript-eslint/no-explicit-any
158:111  Error: `"` can be escaped with `&quot;`, `&ldquo;`, `&#34;`, `&rdquo;`.  react/no-unescaped-entities
158:131  Error: `"` can be escaped with `&quot;`, `&ldquo;`, `&#34;`, `&rdquo;`.  react/no-unescaped-entities

info  - Need to disable some ESLint rules? Learn more here: https://nextjs.org/docs/app/api-reference/config/eslint#disabling-rules
